[      98ms] [WARNING] ⚠️ React Router Future Flag Warning: React Router will begin wrapping state updates in `React.startTransition` in v7. You can use the `v7_startTransition` future flag to opt-in early. For more information, see https://reactrouter.com/v6/upgrading/future#v7_starttransition. @ http://localhost:5173/node_modules/.vite/deps/react-router-dom.js?v=14140329:4433
[      98ms] [WARNING] ⚠️ React Router Future Flag Warning: Relative route resolution within Splat routes is changing in v7. You can use the `v7_relativeSplatPath` future flag to opt-in early. For more information, see https://reactrouter.com/v6/upgrading/future#v7_relativesplatpath. @ http://localhost:5173/node_modules/.vite/deps/react-router-dom.js?v=14140329:4433
[     112ms] [ERROR] Failed to load resource: the server responded with a status of 403 (Forbidden) @ http://localhost:3001/ttx/participate/58434f87-5a76-4c24-a8de-ed103936296d/view:0
[     116ms] [ERROR] Failed to load resource: the server responded with a status of 403 (Forbidden) @ http://localhost:3001/ttx/participate/58434f87-5a76-4c24-a8de-ed103936296d/view:0
[   11595ms] TypeError: Cannot read properties of undefined (reading 'find')
    at TtxParticipate (http://localhost:5173/src/pages/TtxParticipate.tsx?t=1774312211491:518:38)
    at renderWithHooks (http://localhost:5173/node_modules/.vite/deps/chunk-JLB5MZ4H.js?v=14140329:11594:26)
    at updateFunctionComponent (http://localhost:5173/node_modules/.vite/deps/chunk-JLB5MZ4H.js?v=14140329:14628:28)
    at beginWork (http://localhost:5173/node_modules/.vite/deps/chunk-JLB5MZ4H.js?v=14140329:15970:22)
    at HTMLUnknownElement.callCallback2 (http://localhost:5173/node_modules/.vite/deps/chunk-JLB5MZ4H.js?v=14140329:3678:22)
    at Object.invokeGuardedCallbackDev (http://localhost:5173/node_modules/.vite/deps/chunk-JLB5MZ4H.js?v=14140329:3703:24)
    at invokeGuardedCallback (http://localhost:5173/node_modules/.vite/deps/chunk-JLB5MZ4H.js?v=14140329:3737:39)
    at beginWork$1 (http://localhost:5173/node_modules/.vite/deps/chunk-JLB5MZ4H.js?v=14140329:19816:15)
    at performUnitOfWork (http://localhost:5173/node_modules/.vite/deps/chunk-JLB5MZ4H.js?v=14140329:19249:20)
    at workLoopSync (http://localhost:5173/node_modules/.vite/deps/chunk-JLB5MZ4H.js?v=14140329:19188:13)
[   11597ms] TypeError: Cannot read properties of undefined (reading 'find')
    at TtxParticipate (http://localhost:5173/src/pages/TtxParticipate.tsx?t=1774312211491:518:38)
    at renderWithHooks (http://localhost:5173/node_modules/.vite/deps/chunk-JLB5MZ4H.js?v=14140329:11594:26)
    at updateFunctionComponent (http://localhost:5173/node_modules/.vite/deps/chunk-JLB5MZ4H.js?v=14140329:14628:28)
    at beginWork (http://localhost:5173/node_modules/.vite/deps/chunk-JLB5MZ4H.js?v=14140329:15970:22)
    at HTMLUnknownElement.callCallback2 (http://localhost:5173/node_modules/.vite/deps/chunk-JLB5MZ4H.js?v=14140329:3678:22)
    at Object.invokeGuardedCallbackDev (http://localhost:5173/node_modules/.vite/deps/chunk-JLB5MZ4H.js?v=14140329:3703:24)
    at invokeGuardedCallback (http://localhost:5173/node_modules/.vite/deps/chunk-JLB5MZ4H.js?v=14140329:3737:39)
    at beginWork$1 (http://localhost:5173/node_modules/.vite/deps/chunk-JLB5MZ4H.js?v=14140329:19816:15)
    at performUnitOfWork (http://localhost:5173/node_modules/.vite/deps/chunk-JLB5MZ4H.js?v=14140329:19249:20)
    at workLoopSync (http://localhost:5173/node_modules/.vite/deps/chunk-JLB5MZ4H.js?v=14140329:19188:13)
[   11597ms] [ERROR] The above error occurred in the <TtxParticipate> component:

    at TtxParticipate (http://localhost:5173/src/pages/TtxParticipate.tsx?t=1774312211491:32:18)
    at RenderedRoute (http://localhost:5173/node_modules/.vite/deps/react-router-dom.js?v=14140329:4129:5)
    at Routes (http://localhost:5173/node_modules/.vite/deps/react-router-dom.js?v=14140329:4599:5)
    at Router (http://localhost:5173/node_modules/.vite/deps/react-router-dom.js?v=14140329:4542:15)
    at BrowserRouter (http://localhost:5173/node_modules/.vite/deps/react-router-dom.js?v=14140329:5288:5)
    at App

Consider adding an error boundary to your tree to customize error handling behavior.
Visit https://reactjs.org/link/error-boundaries to learn more about error boundaries. @ http://localhost:5173/node_modules/.vite/deps/chunk-JLB5MZ4H.js?v=14140329:14077
[   11597ms] TypeError: Cannot read properties of undefined (reading 'find')
    at TtxParticipate (http://localhost:5173/src/pages/TtxParticipate.tsx?t=1774312211491:518:38)
    at renderWithHooks (http://localhost:5173/node_modules/.vite/deps/chunk-JLB5MZ4H.js?v=14140329:11594:26)
    at updateFunctionComponent (http://localhost:5173/node_modules/.vite/deps/chunk-JLB5MZ4H.js?v=14140329:14628:28)
    at beginWork (http://localhost:5173/node_modules/.vite/deps/chunk-JLB5MZ4H.js?v=14140329:15970:22)
    at beginWork$1 (http://localhost:5173/node_modules/.vite/deps/chunk-JLB5MZ4H.js?v=14140329:19804:22)
    at performUnitOfWork (http://localhost:5173/node_modules/.vite/deps/chunk-JLB5MZ4H.js?v=14140329:19249:20)
    at workLoopSync (http://localhost:5173/node_modules/.vite/deps/chunk-JLB5MZ4H.js?v=14140329:19188:13)
    at renderRootSync (http://localhost:5173/node_modules/.vite/deps/chunk-JLB5MZ4H.js?v=14140329:19167:15)
    at recoverFromConcurrentError (http://localhost:5173/node_modules/.vite/deps/chunk-JLB5MZ4H.js?v=14140329:18784:28)
    at performConcurrentWorkOnRoot (http://localhost:5173/node_modules/.vite/deps/chunk-JLB5MZ4H.js?v=14140329:18732:30)
