[      63ms] [WARNING] ⚠️ React Router Future Flag Warning: React Router will begin wrapping state updates in `React.startTransition` in v7. You can use the `v7_startTransition` future flag to opt-in early. For more information, see https://reactrouter.com/v6/upgrading/future#v7_starttransition. @ http://localhost:5173/node_modules/.vite/deps/react-router-dom.js?v=5b5d7901:4433
[      63ms] [WARNING] ⚠️ React Router Future Flag Warning: Relative route resolution within Splat routes is changing in v7. You can use the `v7_relativeSplatPath` future flag to opt-in early. For more information, see https://reactrouter.com/v6/upgrading/future#v7_relativesplatpath. @ http://localhost:5173/node_modules/.vite/deps/react-router-dom.js?v=5b5d7901:4433
[  257775ms] TypeError: Cannot read properties of undefined (reading 'length')
    at TtxAAR (http://localhost:5173/src/pages/TtxAAR.tsx?t=1773633550275:559:27)
    at renderWithHooks (http://localhost:5173/node_modules/.vite/deps/chunk-QXLG2TGQ.js?v=5b5d7901:11594:26)
    at updateFunctionComponent (http://localhost:5173/node_modules/.vite/deps/chunk-QXLG2TGQ.js?v=5b5d7901:14628:28)
    at beginWork (http://localhost:5173/node_modules/.vite/deps/chunk-QXLG2TGQ.js?v=5b5d7901:15970:22)
    at HTMLUnknownElement.callCallback2 (http://localhost:5173/node_modules/.vite/deps/chunk-QXLG2TGQ.js?v=5b5d7901:3678:22)
    at Object.invokeGuardedCallbackDev (http://localhost:5173/node_modules/.vite/deps/chunk-QXLG2TGQ.js?v=5b5d7901:3703:24)
    at invokeGuardedCallback (http://localhost:5173/node_modules/.vite/deps/chunk-QXLG2TGQ.js?v=5b5d7901:3737:39)
    at beginWork$1 (http://localhost:5173/node_modules/.vite/deps/chunk-QXLG2TGQ.js?v=5b5d7901:19816:15)
    at performUnitOfWork (http://localhost:5173/node_modules/.vite/deps/chunk-QXLG2TGQ.js?v=5b5d7901:19249:20)
    at workLoopSync (http://localhost:5173/node_modules/.vite/deps/chunk-QXLG2TGQ.js?v=5b5d7901:19188:13)
[  257776ms] TypeError: Cannot read properties of undefined (reading 'length')
    at TtxAAR (http://localhost:5173/src/pages/TtxAAR.tsx?t=1773633550275:559:27)
    at renderWithHooks (http://localhost:5173/node_modules/.vite/deps/chunk-QXLG2TGQ.js?v=5b5d7901:11594:26)
    at updateFunctionComponent (http://localhost:5173/node_modules/.vite/deps/chunk-QXLG2TGQ.js?v=5b5d7901:14628:28)
    at beginWork (http://localhost:5173/node_modules/.vite/deps/chunk-QXLG2TGQ.js?v=5b5d7901:15970:22)
    at HTMLUnknownElement.callCallback2 (http://localhost:5173/node_modules/.vite/deps/chunk-QXLG2TGQ.js?v=5b5d7901:3678:22)
    at Object.invokeGuardedCallbackDev (http://localhost:5173/node_modules/.vite/deps/chunk-QXLG2TGQ.js?v=5b5d7901:3703:24)
    at invokeGuardedCallback (http://localhost:5173/node_modules/.vite/deps/chunk-QXLG2TGQ.js?v=5b5d7901:3737:39)
    at beginWork$1 (http://localhost:5173/node_modules/.vite/deps/chunk-QXLG2TGQ.js?v=5b5d7901:19816:15)
    at performUnitOfWork (http://localhost:5173/node_modules/.vite/deps/chunk-QXLG2TGQ.js?v=5b5d7901:19249:20)
    at workLoopSync (http://localhost:5173/node_modules/.vite/deps/chunk-QXLG2TGQ.js?v=5b5d7901:19188:13)
[  257777ms] [ERROR] The above error occurred in the <TtxAAR> component:

    at TtxAAR (http://localhost:5173/src/pages/TtxAAR.tsx?t=1773633550275:24:18)
    at RenderedRoute (http://localhost:5173/node_modules/.vite/deps/react-router-dom.js?v=5b5d7901:4129:5)
    at Routes (http://localhost:5173/node_modules/.vite/deps/react-router-dom.js?v=5b5d7901:4599:5)
    at Router (http://localhost:5173/node_modules/.vite/deps/react-router-dom.js?v=5b5d7901:4542:15)
    at BrowserRouter (http://localhost:5173/node_modules/.vite/deps/react-router-dom.js?v=5b5d7901:5288:5)
    at App

Consider adding an error boundary to your tree to customize error handling behavior.
Visit https://reactjs.org/link/error-boundaries to learn more about error boundaries. @ http://localhost:5173/node_modules/.vite/deps/chunk-QXLG2TGQ.js?v=5b5d7901:14077
[  257777ms] TypeError: Cannot read properties of undefined (reading 'length')
    at TtxAAR (http://localhost:5173/src/pages/TtxAAR.tsx?t=1773633550275:559:27)
    at renderWithHooks (http://localhost:5173/node_modules/.vite/deps/chunk-QXLG2TGQ.js?v=5b5d7901:11594:26)
    at updateFunctionComponent (http://localhost:5173/node_modules/.vite/deps/chunk-QXLG2TGQ.js?v=5b5d7901:14628:28)
    at beginWork (http://localhost:5173/node_modules/.vite/deps/chunk-QXLG2TGQ.js?v=5b5d7901:15970:22)
    at beginWork$1 (http://localhost:5173/node_modules/.vite/deps/chunk-QXLG2TGQ.js?v=5b5d7901:19804:22)
    at performUnitOfWork (http://localhost:5173/node_modules/.vite/deps/chunk-QXLG2TGQ.js?v=5b5d7901:19249:20)
    at workLoopSync (http://localhost:5173/node_modules/.vite/deps/chunk-QXLG2TGQ.js?v=5b5d7901:19188:13)
    at renderRootSync (http://localhost:5173/node_modules/.vite/deps/chunk-QXLG2TGQ.js?v=5b5d7901:19167:15)
    at recoverFromConcurrentError (http://localhost:5173/node_modules/.vite/deps/chunk-QXLG2TGQ.js?v=5b5d7901:18784:28)
    at performConcurrentWorkOnRoot (http://localhost:5173/node_modules/.vite/deps/chunk-QXLG2TGQ.js?v=5b5d7901:18732:30)
