[      60ms] [WARNING] ⚠️ React Router Future Flag Warning: React Router will begin wrapping state updates in `React.startTransition` in v7. You can use the `v7_startTransition` future flag to opt-in early. For more information, see https://reactrouter.com/v6/upgrading/future#v7_starttransition. @ http://localhost:5173/node_modules/.vite/deps/react-router-dom.js?v=5b5d7901:4433
[      60ms] [WARNING] ⚠️ React Router Future Flag Warning: Relative route resolution within Splat routes is changing in v7. You can use the `v7_relativeSplatPath` future flag to opt-in early. For more information, see https://reactrouter.com/v6/upgrading/future#v7_relativesplatpath. @ http://localhost:5173/node_modules/.vite/deps/react-router-dom.js?v=5b5d7901:4433
[   12107ms] [ERROR] Warning: Encountered two children with the same key, `%s`. Keys should be unique so that components maintain their identity across updates. Non-unique keys may cause children to be duplicated and/or omitted — the behavior is unsupported and could change in a future version.%s e87b41e5-cf0f-4695-9dd9-9f2e60177e38 
    at div
    at div
    at div
    at div
    at div
    at TtxConsole (http://localhost:5173/src/pages/TtxConsole.tsx:24:18)
    at RenderedRoute (http://localhost:5173/node_modules/.vite/deps/react-router-dom.js?v=5b5d7901:4129:5)
    at Routes (http://localhost:5173/node_modules/.vite/deps/react-router-dom.js?v=5b5d7901:4599:5)
    at Router (http://localhost:5173/node_modules/.vite/deps/react-router-dom.js?v=5b5d7901:4542:15)
    at BrowserRouter (http://localhost:5173/node_modules/.vite/deps/react-router-dom.js?v=5b5d7901:5288:5)
    at App @ http://localhost:5173/node_modules/.vite/deps/chunk-QXLG2TGQ.js?v=5b5d7901:518
[   35431ms] [ERROR] Warning: Encountered two children with the same key, `%s`. Keys should be unique so that components maintain their identity across updates. Non-unique keys may cause children to be duplicated and/or omitted — the behavior is unsupported and could change in a future version.%s e87b41e5-cf0f-4695-9dd9-9f2e60177e38 
    at div
    at div
    at div
    at div
    at div
    at TtxConsole (http://localhost:5173/src/pages/TtxConsole.tsx?t=1773633189484:24:18)
    at RenderedRoute (http://localhost:5173/node_modules/.vite/deps/react-router-dom.js?v=5b5d7901:4129:5)
    at Routes (http://localhost:5173/node_modules/.vite/deps/react-router-dom.js?v=5b5d7901:4599:5)
    at Router (http://localhost:5173/node_modules/.vite/deps/react-router-dom.js?v=5b5d7901:4542:15)
    at BrowserRouter (http://localhost:5173/node_modules/.vite/deps/react-router-dom.js?v=5b5d7901:5288:5)
    at App @ http://localhost:5173/node_modules/.vite/deps/chunk-QXLG2TGQ.js?v=5b5d7901:518
