[      63ms] [WARNING] ⚠️ React Router Future Flag Warning: React Router will begin wrapping state updates in `React.startTransition` in v7. You can use the `v7_startTransition` future flag to opt-in early. For more information, see https://reactrouter.com/v6/upgrading/future#v7_starttransition. @ http://localhost:5173/node_modules/.vite/deps/react-router-dom.js?v=5b5d7901:4433
[      63ms] [WARNING] ⚠️ React Router Future Flag Warning: Relative route resolution within Splat routes is changing in v7. You can use the `v7_relativeSplatPath` future flag to opt-in early. For more information, see https://reactrouter.com/v6/upgrading/future#v7_relativesplatpath. @ http://localhost:5173/node_modules/.vite/deps/react-router-dom.js?v=5b5d7901:4433
[      80ms] [ERROR] Warning: Each child in a list should have a unique "key" prop.%s%s See https://reactjs.org/link/warning-keys for more information.%s 

Check the render method of `ByLearner`.  
    at ByLearner (http://localhost:5173/src/pages/AdminProgress.tsx?t=1773645405564:83:35)
    at div
    at AdminProgress (http://localhost:5173/src/pages/AdminProgress.tsx?t=1773645405564:26:20)
    at RenderedRoute (http://localhost:5173/node_modules/.vite/deps/react-router-dom.js?v=5b5d7901:4129:5)
    at Routes (http://localhost:5173/node_modules/.vite/deps/react-router-dom.js?v=5b5d7901:4599:5)
    at Router (http://localhost:5173/node_modules/.vite/deps/react-router-dom.js?v=5b5d7901:4542:15)
    at BrowserRouter (http://localhost:5173/node_modules/.vite/deps/react-router-dom.js?v=5b5d7901:5288:5)
    at App @ http://localhost:5173/node_modules/.vite/deps/react_jsx-dev-runtime.js?v=5b5d7901:61
[   27407ms] [ERROR] Warning: Each child in a list should have a unique "key" prop.%s%s See https://reactjs.org/link/warning-keys for more information.%s 

Check the render method of `ByModule`.  
    at ByModule (http://localhost:5173/src/pages/AdminProgress.tsx?t=1773645405564:295:33)
    at div
    at AdminProgress (http://localhost:5173/src/pages/AdminProgress.tsx?t=1773645405564:26:20)
    at RenderedRoute (http://localhost:5173/node_modules/.vite/deps/react-router-dom.js?v=5b5d7901:4129:5)
    at Routes (http://localhost:5173/node_modules/.vite/deps/react-router-dom.js?v=5b5d7901:4599:5)
    at Router (http://localhost:5173/node_modules/.vite/deps/react-router-dom.js?v=5b5d7901:4542:15)
    at BrowserRouter (http://localhost:5173/node_modules/.vite/deps/react-router-dom.js?v=5b5d7901:5288:5)
    at App @ http://localhost:5173/node_modules/.vite/deps/react_jsx-dev-runtime.js?v=5b5d7901:61
