[     130ms] [WARNING] ⚠️ React Router Future Flag Warning: React Router will begin wrapping state updates in `React.startTransition` in v7. You can use the `v7_startTransition` future flag to opt-in early. For more information, see https://reactrouter.com/v6/upgrading/future#v7_starttransition. @ http://localhost:5173/node_modules/.vite/deps/react-router-dom.js?v=14140329:4433
[     130ms] [WARNING] ⚠️ React Router Future Flag Warning: Relative route resolution within Splat routes is changing in v7. You can use the `v7_relativeSplatPath` future flag to opt-in early. For more information, see https://reactrouter.com/v6/upgrading/future#v7_relativesplatpath. @ http://localhost:5173/node_modules/.vite/deps/react-router-dom.js?v=14140329:4433
[  116229ms] [ERROR] Warning: validateDOMNesting(...): %s cannot appear as a descendant of <%s>.%s <a> a 
    at a
    at LinkWithRef (http://localhost:5173/node_modules/.vite/deps/react-router-dom.js?v=14140329:5393:5)
    at div
    at a
    at LinkWithRef (http://localhost:5173/node_modules/.vite/deps/react-router-dom.js?v=14140329:5393:5)
    at ModuleCard (http://localhost:5173/src/pages/LearnHub.tsx?t=1774312205713:209:31)
    at div
    at div
    at Section (http://localhost:5173/src/pages/LearnHub.tsx?t=1774312205713:190:20)
    at div
    at div
    at LearnHub (http://localhost:5173/src/pages/LearnHub.tsx?t=1774312205713:24:39)
    at RenderedRoute (http://localhost:5173/node_modules/.vite/deps/react-router-dom.js?v=14140329:4129:5)
    at Outlet (http://localhost:5173/node_modules/.vite/deps/react-router-dom.js?v=14140329:4535:26)
    at div
    at main
    at div
    at NavShell (http://localhost:5173/src/components/layouts/NavShell.tsx?t=1774366334359:68:36)
    at NavWrapper (http://localhost:5173/src/App.tsx?t=1774366480131:393:38)
    at RenderedRoute (http://localhost:5173/node_modules/.vite/deps/react-router-dom.js?v=14140329:4129:5)
    at Routes (http://localhost:5173/node_modules/.vite/deps/react-router-dom.js?v=14140329:4599:5)
    at Router (http://localhost:5173/node_modules/.vite/deps/react-router-dom.js?v=14140329:4542:15)
    at BrowserRouter (http://localhost:5173/node_modules/.vite/deps/react-router-dom.js?v=14140329:5288:5)
    at App @ http://localhost:5173/node_modules/.vite/deps/chunk-JLB5MZ4H.js?v=14140329:518
[ 1609496ms] [ERROR] Failed to load resource: the server responded with a status of 400 (Bad Request) @ http://localhost:3001/auth/otp/request:0
[ 1635579ms] [WARNING] ⚠️ React Router Future Flag Warning: React Router will begin wrapping state updates in `React.startTransition` in v7. You can use the `v7_startTransition` future flag to opt-in early. For more information, see https://reactrouter.com/v6/upgrading/future#v7_starttransition. @ http://localhost:5173/node_modules/.vite/deps/react-router-dom.js?v=14140329:4433
[ 1635580ms] [WARNING] ⚠️ React Router Future Flag Warning: Relative route resolution within Splat routes is changing in v7. You can use the `v7_relativeSplatPath` future flag to opt-in early. For more information, see https://reactrouter.com/v6/upgrading/future#v7_relativesplatpath. @ http://localhost:5173/node_modules/.vite/deps/react-router-dom.js?v=14140329:4433
[ 1635600ms] [ERROR] Failed to load resource: the server responded with a status of 401 (Unauthorized) @ http://localhost:3001/admin/progress/learners:0
[ 1635600ms] [ERROR] Dashboard stats error Error: Invalid or expired admin session
    at adminReq (http://localhost:5173/src/api/client.ts?t=1774312211397:42:11)
    at async Promise.all (index 0)
    at async load (http://localhost:5173/src/pages/AdminDashboard.tsx?t=1774312211397:29:43) @ http://localhost:5173/src/pages/AdminDashboard.tsx?t=1774312211397:41
[ 1635601ms] [ERROR] Failed to load resource: the server responded with a status of 401 (Unauthorized) @ http://localhost:3001/admin/progress/learners:0
[ 1635601ms] [ERROR] Dashboard stats error Error: Invalid or expired admin session
    at adminReq (http://localhost:5173/src/api/client.ts?t=1774312211397:42:11)
    at async Promise.all (index 0)
    at async load (http://localhost:5173/src/pages/AdminDashboard.tsx?t=1774312211397:29:43) @ http://localhost:5173/src/pages/AdminDashboard.tsx?t=1774312211397:41
[ 1635607ms] [ERROR] Failed to load resource: the server responded with a status of 401 (Unauthorized) @ http://localhost:3001/kb/modules:0
[ 1635608ms] [ERROR] Failed to load resource: the server responded with a status of 401 (Unauthorized) @ http://localhost:3001/kb/ingest/jobs:0
[ 1635609ms] [ERROR] Failed to load resource: the server responded with a status of 401 (Unauthorized) @ http://localhost:3001/kb/ingest/jobs:0
[ 1635610ms] [ERROR] Failed to load resource: the server responded with a status of 401 (Unauthorized) @ http://localhost:3001/kb/modules:0
[ 1643898ms] [ERROR] Failed to load resource: the server responded with a status of 401 (Unauthorized) @ http://localhost:3001/kb/items:0
[ 1643901ms] [ERROR] Failed to load resource: the server responded with a status of 401 (Unauthorized) @ http://localhost:3001/kb/items:0
[ 1651246ms] [ERROR] Failed to load resource: the server responded with a status of 401 (Unauthorized) @ http://localhost:3001/ttx/scenarios:0
[ 1651249ms] [ERROR] Failed to load resource: the server responded with a status of 401 (Unauthorized) @ http://localhost:3001/ttx/scenarios:0
[ 1652284ms] [ERROR] Failed to load resource: the server responded with a status of 401 (Unauthorized) @ http://localhost:3001/ttx/sessions:0
[ 1652287ms] [ERROR] Failed to load resource: the server responded with a status of 401 (Unauthorized) @ http://localhost:3001/ttx/sessions:0
[ 1652293ms] [ERROR] Failed to load resource: the server responded with a status of 401 (Unauthorized) @ http://localhost:3001/ttx/scenarios:0
[ 1652296ms] [ERROR] Failed to load resource: the server responded with a status of 401 (Unauthorized) @ http://localhost:3001/ttx/scenarios:0
[ 1653206ms] [ERROR] Failed to load resource: the server responded with a status of 401 (Unauthorized) @ http://localhost:3001/admin/access:0
[ 1653207ms] [ERROR] Failed to load resource: the server responded with a status of 401 (Unauthorized) @ http://localhost:3001/admin/progress/learners:0
[ 1653208ms] [ERROR] Failed to load resource: the server responded with a status of 401 (Unauthorized) @ http://localhost:3001/admin/access:0
[ 1653209ms] [ERROR] Failed to load resource: the server responded with a status of 401 (Unauthorized) @ http://localhost:3001/admin/progress/learners:0
[ 1657083ms] [ERROR] Failed to load resource: the server responded with a status of 401 (Unauthorized) @ http://localhost:3001/admin/progress/learners:0
[ 1657084ms] [ERROR] Dashboard stats error Error: Invalid or expired admin session
    at adminReq (http://localhost:5173/src/api/client.ts?t=1774312211397:42:11)
    at async Promise.all (index 0)
    at async load (http://localhost:5173/src/pages/AdminDashboard.tsx?t=1774312211397:29:43) @ http://localhost:5173/src/pages/AdminDashboard.tsx?t=1774312211397:41
[ 1657085ms] [ERROR] Failed to load resource: the server responded with a status of 401 (Unauthorized) @ http://localhost:3001/kb/modules:0
[ 1657087ms] [ERROR] Failed to load resource: the server responded with a status of 401 (Unauthorized) @ http://localhost:3001/admin/progress/learners:0
[ 1657087ms] [ERROR] Dashboard stats error Error: Invalid or expired admin session
    at adminReq (http://localhost:5173/src/api/client.ts?t=1774312211397:42:11)
    at async Promise.all (index 0)
    at async load (http://localhost:5173/src/pages/AdminDashboard.tsx?t=1774312211397:29:43) @ http://localhost:5173/src/pages/AdminDashboard.tsx?t=1774312211397:41
[ 1657087ms] [ERROR] Failed to load resource: the server responded with a status of 401 (Unauthorized) @ http://localhost:3001/kb/modules:0
[ 1657093ms] [ERROR] Failed to load resource: the server responded with a status of 401 (Unauthorized) @ http://localhost:3001/kb/ingest/jobs:0
[ 1657095ms] [ERROR] Failed to load resource: the server responded with a status of 401 (Unauthorized) @ http://localhost:3001/kb/ingest/jobs:0
